ROUTER 1:
-----------

System Bootstrap, Version 12.1(3r)T2, RELEASE SOFTWARE (fc1)
Copyright (c) 2000 by cisco Systems, Inc.
PT 1001 (PTSC2005) processor (revision 0x200) with 60416K/5120K bytes of memory

Readonly ROMMON initialized

Self decompressing the image :
######################### [OK]

              Restricted Rights Legend

Use, duplication, or disclosure by the Government is
subject to restrictions as set forth in subparagraph
(c) of the Commercial Computer Software - Restricted
Rights clause at FAR sec. 52.227-19 and subparagraph
(c) (1) (ii) of the Rights in Technical Data and Computer
Software clause at DFARS sec. 252.227-7013.

           cisco Systems, Inc.
           170 West Tasman Drive
           San Jose, California 95134-1706



Cisco Internetwork Operating System Software
IOS (tm) PT1000 Software (PT1000-I-M), Version 12.2(28), RELEASE SOFTWARE (fc5)
Technical Support: http://www.cisco.com/techsupport
Copyright (c) 1986-2005 by cisco Systems, Inc.
Compiled Wed 27-Apr-04 19:01 by miwang

PT 1001 (PTSC2005) processor (revision 0x200) with 60416K/5120K bytes of memory
.
Processor board ID PT0123 (0123)
PT2005 processor: part number 0, mask 01
Bridging software.
X.25 software, Version 3.0.0.
4 FastEthernet/IEEE 802.3 interface(s)
3 Low-speed serial(sync/async) network interface(s)
32K bytes of non-volatile configuration memory.
63488K bytes of ATA CompactFlash (Read/Write)

Press RETURN to get started!



Router>enable
Router#configure terminal
Enter configuration commands, one per line.  End with CNTL/Z.
Router(config)#interface FastEthernet0/0
Router(config-if)#








Router con0 is now available






Press RETURN to get started.













Router>enable
Router#configure terminal
Enter configuration commands, one per line.  End with CNTL/Z.
Router(config)#interface FastEthernet0/0
Router(config-if)#ip address 3.0.0.1 255.0.0.0
Router(config-if)#no shutdown

Router(config-if)#
%LINK-5-CHANGED: Interface FastEthernet0/0, changed state to up

%LINEPROTO-5-UPDOWN: Line protocol on Interface FastEthernet0/0, changed state to up

Router(config-if)#exit
Router(config)#interface Serial2/0
Router(config-if)#ip address 192.3.1.1 255.255.255.0
Router(config-if)#ip address 192.3.1.1 255.255.255.252
Router(config-if)#no shutdown

Router(config-if)#
%LINK-5-CHANGED: Interface Serial2/0, changed state to up

Router(config-if)#exit
Router(config)#interface Serial3/0
Router(config-if)#
%LINEPROTO-5-UPDOWN: Line protocol on Interface Serial2/0, changed state to up
ip address 192.3.2.6 255.255.255.0
Router(config-if)#ip address 192.3.2.6 255.255.255.252
Router(config-if)#no shutdown

Router(config-if)#
%LINK-5-CHANGED: Interface Serial3/0, changed state to up

Router(config-if)#exit
Router(config)#interface Serial6/0
Router(config-if)#
%LINEPROTO-5-UPDOWN: Line protocol on Interface Serial3/0, changed state to up
ip address 192.3.0.2 255.255.255.0
Router(config-if)#ip address 192.3.0.2 255.255.255.252
Router(config-if)#no shutdown

Router(config-if)#
%LINK-5-CHANGED: Interface Serial6/0, changed state to up

%LINEPROTO-5-UPDOWN: Line protocol on Interface Serial6/0, changed state to up









Router con0 is now available






Press RETURN to get started.













Router>enable
Router#configure terminal
Enter configuration commands, one per line.  End with CNTL/Z.
Router(config)#router rip
Router(config-router)#router ospf 1
Router(config-router)#network 3.0.0.0 0.255.255.255 area 3
Router(config-router)#network 192.3.1.0 0.0.0.3 area 1
Router(config-router)#network 192.3.1.0 0.0.0.3 area 1
02:12:14: %OSPF-5-ADJCHG: Process 1, Nbr 192.3.1.5 on Serial2/0 from LOADING to FULL, Loading Done

Router(config-router)#network 192.3.0.0 0.0.0.3 area 0
Router(config-router)#network 192.3.2.4 0.0.0.3 area 2
Router(config-router)#
02:13:10: %OSPF-5-ADJCHG: Process 1, Nbr 192.25.2.1 on Serial3/0 from LOADING to FULL, Loading Done
^Z
Router#
%SYS-5-CONFIG_I: Configured from console by console

Router#copy run start
Destination filename [startup-config]? 
Building configuration...
[OK]
Router#


ROUTER 2:
----------

System Bootstrap, Version 12.1(3r)T2, RELEASE SOFTWARE (fc1)
Copyright (c) 2000 by cisco Systems, Inc.
PT 1001 (PTSC2005) processor (revision 0x200) with 60416K/5120K bytes of memory

Readonly ROMMON initialized

Self decompressing the image :
######################### [OK]

              Restricted Rights Legend

Use, duplication, or disclosure by the Government is
subject to restrictions as set forth in subparagraph
(c) of the Commercial Computer Software - Restricted
Rights clause at FAR sec. 52.227-19 and subparagraph
(c) (1) (ii) of the Rights in Technical Data and Computer
Software clause at DFARS sec. 252.227-7013.

           cisco Systems, Inc.
           170 West Tasman Drive
           San Jose, California 95134-1706



Cisco Internetwork Operating System Software
IOS (tm) PT1000 Software (PT1000-I-M), Version 12.2(28), RELEASE SOFTWARE (fc5)
Technical Support: http://www.cisco.com/techsupport
Copyright (c) 1986-2005 by cisco Systems, Inc.
Compiled Wed 27-Apr-04 19:01 by miwang

PT 1001 (PTSC2005) processor (revision 0x200) with 60416K/5120K bytes of memory
.
Processor board ID PT0123 (0123)
PT2005 processor: part number 0, mask 01
Bridging software.
X.25 software, Version 3.0.0.
4 FastEthernet/IEEE 802.3 interface(s)
3 Low-speed serial(sync/async) network interface(s)
32K bytes of non-volatile configuration memory.
63488K bytes of ATA CompactFlash (Read/Write)

Press RETURN to get started!



Router>enable
Router#configure terminal
Enter configuration commands, one per line.  End with CNTL/Z.
Router(config)#interface FastEthernet0/0
Router(config-if)#ip address 4.0.0.1 255.0.0.0
Router(config-if)#no shutdown

Router(config-if)#
%LINK-5-CHANGED: Interface FastEthernet0/0, changed state to up

%LINEPROTO-5-UPDOWN: Line protocol on Interface FastEthernet0/0, changed state to up

Router(config-if)#exit
Router(config)#interface Serial2/0
Router(config-if)#ip address 192.3.2.10 255.255.255.0
Router(config-if)#ip address 192.3.2.10 255.255.255.252
Router(config-if)#no shutdown

Router(config-if)#
%LINK-5-CHANGED: Interface Serial2/0, changed state to up

Router(config-if)#exit
Router(config)#interface Serial3/0
Router(config-if)#
%LINEPROTO-5-UPDOWN: Line protocol on Interface Serial2/0, changed state to up
ip address 192.3.1.10 255.255.255.0
Router(config-if)#ip address 192.3.1.10 255.255.255.252
Router(config-if)#no shutdown

Router(config-if)#
%LINK-5-CHANGED: Interface Serial3/0, changed state to up

Router(config-if)#exit
Router(config)#interface Serial6/0
Router(config-if)#
%LINEPROTO-5-UPDOWN: Line protocol on Interface Serial3/0, changed state to up
ip address 192.3.0.6 255.255.255.0
Router(config-if)#ip address 192.3.0.6 255.255.255.252
Router(config-if)#no shutdown

Router(config-if)#
%LINK-5-CHANGED: Interface Serial6/0, changed state to up

%LINEPROTO-5-UPDOWN: Line protocol on Interface Serial6/0, changed state to up









Router con0 is now available






Press RETURN to get started.













Router>enable
Router#configure terminal
Enter configuration commands, one per line.  End with CNTL/Z.
Router(config)#router rip
Router(config-router)#router ospf 1
Router(config-router)#network 4.0.0.0 0.255.255.255 area 4
Router(config-router)#network 192.3.1.8 0.0.0.3 area 1
Router(config-router)#
02:16:25: %OSPF-5-ADJCHG: Process 1, Nbr 192.3.1.9 on Serial3/0 from LOADING to FULL, Loading Done

Router(config-router)#network 192.3.0.4 0.0.0.3 area 0
Router(config-router)#network 192.3.0.4 0.0.0.3 area 0
02:17:04: %OSPF-5-ADJCHG: Process 1, Nbr 192.3.0.5 on Serial6/0 from LOADING to FULL, Loading Done

Router(config-router)#network 192.3.2.8 0.0.0.3 area 2
Router(config-router)#^Z
Router#
%SYS-5-CONFIG_I: Configured from console by console

Router#copy run start
Destination filename [startup-config]? 
Building configuration...
[OK]
Router#
02:17:26: %OSPF-5-ADJCHG: Process 1, Nbr 192.3.2.9 on Serial2/0 from LOADING to FULL, Loading Done

ROUTER 0:
----------

System Bootstrap, Version 12.1(3r)T2, RELEASE SOFTWARE (fc1)
Copyright (c) 2000 by cisco Systems, Inc.
PT 1001 (PTSC2005) processor (revision 0x200) with 60416K/5120K bytes of memory

Readonly ROMMON initialized

Self decompressing the image :
######################### [OK]

              Restricted Rights Legend

Use, duplication, or disclosure by the Government is
subject to restrictions as set forth in subparagraph
(c) of the Commercial Computer Software - Restricted
Rights clause at FAR sec. 52.227-19 and subparagraph
(c) (1) (ii) of the Rights in Technical Data and Computer
Software clause at DFARS sec. 252.227-7013.

           cisco Systems, Inc.
           170 West Tasman Drive
           San Jose, California 95134-1706



Cisco Internetwork Operating System Software
IOS (tm) PT1000 Software (PT1000-I-M), Version 12.2(28), RELEASE SOFTWARE (fc5)
Technical Support: http://www.cisco.com/techsupport
Copyright (c) 1986-2005 by cisco Systems, Inc.
Compiled Wed 27-Apr-04 19:01 by miwang

PT 1001 (PTSC2005) processor (revision 0x200) with 60416K/5120K bytes of memory
.
Processor board ID PT0123 (0123)
PT2005 processor: part number 0, mask 01
Bridging software.
X.25 software, Version 3.0.0.
4 FastEthernet/IEEE 802.3 interface(s)
3 Low-speed serial(sync/async) network interface(s)
32K bytes of non-volatile configuration memory.
63488K bytes of ATA CompactFlash (Read/Write)

Press RETURN to get started!



Router>enable
Router#configure terminal
Enter configuration commands, one per line.  End with CNTL/Z.
Router(config)#interface Serial2/0
Router(config-if)#ip address 192.3.0.1 255.255.255.0
Router(config-if)#ip address 192.3.0.1 255.255.255.252
Router(config-if)#no shutdown

%LINK-5-CHANGED: Interface Serial2/0, changed state to down
Router(config-if)#
Router(config-if)#exit
Router(config)#interface Serial3/0
Router(config-if)#ip address 192.3.0.5 255.255.255.252
Router(config-if)#no shutdown

%LINK-5-CHANGED: Interface Serial3/0, changed state to down
Router(config-if)#
%LINK-5-CHANGED: Interface Serial2/0, changed state to up

%LINEPROTO-5-UPDOWN: Line protocol on Interface Serial2/0, changed state to up

%LINK-5-CHANGED: Interface Serial3/0, changed state to up

%LINEPROTO-5-UPDOWN: Line protocol on Interface Serial3/0, changed state to up









Router con0 is now available






Press RETURN to get started.













Router>enable
Router#configure terminal
Enter configuration commands, one per line.  End with CNTL/Z.
Router(config)#router rip
Router(config-router)#router ospf 1
Router(config-router)#network 192.3.0.0 0.0.0.3 area 0
Router(config-router)#network 192.3.0.0 0.0.0.3 area 0
02:14:13: %OSPF-5-ADJCHG: Process 1, Nbr 192.3.2.6 on Serial2/0 from LOADING to FULL, Loading Done

Router(config-router)#network 192.3.0.4 0.0.0.3 area 0
Router(config-router)#^Z
Router#
%SYS-5-CONFIG_I: Configured from console by console

Router#copy run start
Destination filename [startup-config]? 
Building configuration...
[OK]
Router#
02:17:04: %OSPF-5-ADJCHG: Process 1, Nbr 192.3.2.10 on Serial3/0 from LOADING to FULL, Loading Done

ROUTER 3:
---------

System Bootstrap, Version 12.1(3r)T2, RELEASE SOFTWARE (fc1)
Copyright (c) 2000 by cisco Systems, Inc.
PT 1001 (PTSC2005) processor (revision 0x200) with 60416K/5120K bytes of memory

Readonly ROMMON initialized

Self decompressing the image :
######################### [OK]

              Restricted Rights Legend

Use, duplication, or disclosure by the Government is
subject to restrictions as set forth in subparagraph
(c) of the Commercial Computer Software - Restricted
Rights clause at FAR sec. 52.227-19 and subparagraph
(c) (1) (ii) of the Rights in Technical Data and Computer
Software clause at DFARS sec. 252.227-7013.

           cisco Systems, Inc.
           170 West Tasman Drive
           San Jose, California 95134-1706



Cisco Internetwork Operating System Software
IOS (tm) PT1000 Software (PT1000-I-M), Version 12.2(28), RELEASE SOFTWARE (fc5)
Technical Support: http://www.cisco.com/techsupport
Copyright (c) 1986-2005 by cisco Systems, Inc.
Compiled Wed 27-Apr-04 19:01 by miwang

PT 1001 (PTSC2005) processor (revision 0x200) with 60416K/5120K bytes of memory
.
Processor board ID PT0123 (0123)
PT2005 processor: part number 0, mask 01
Bridging software.
X.25 software, Version 3.0.0.
4 FastEthernet/IEEE 802.3 interface(s)
2 Low-speed serial(sync/async) network interface(s)
32K bytes of non-volatile configuration memory.
63488K bytes of ATA CompactFlash (Read/Write)

Press RETURN to get started!



Router>enable
Router#configure terminal
Enter configuration commands, one per line.  End with CNTL/Z.
Router(config)#interface Serial2/0
Router(config-if)#ip address 192.3.1.2 255.255.255.0
Router(config-if)#ip address 192.3.1.2 255.255.255.252
Router(config-if)#no shutdown

%LINK-5-CHANGED: Interface Serial2/0, changed state to down
Router(config-if)#
Router(config-if)#exit
Router(config)#interface Serial3/0
Router(config-if)#ip address 192.3.1.5 255.255.255.252
Router(config-if)#no shutdown

%LINK-5-CHANGED: Interface Serial3/0, changed state to down
Router(config-if)#
%LINK-5-CHANGED: Interface Serial3/0, changed state to up

%LINEPROTO-5-UPDOWN: Line protocol on Interface Serial3/0, changed state to up

%LINK-5-CHANGED: Interface Serial2/0, changed state to up

%LINEPROTO-5-UPDOWN: Line protocol on Interface Serial2/0, changed state to up









Router con0 is now available






Press RETURN to get started.













Router>enable
Router#configure terminal
Enter configuration commands, one per line.  End with CNTL/Z.
Router(config)#router rip
Router(config-router)#router ospf 1
Router(config-router)#network 192.3.1.0 0.0.0.3 area 1
Router(config-router)#network 192.3.1.4 0.0.0.3 area 1
Router(config-router)#^Z
Router#
%SYS-5-CONFIG_I: Configured from console by console

Router#copy run start
Destination filename [startup-config]? 
Building configuration...
[OK]
Router#
02:05:14: %OSPF-5-ADJCHG: Process 1, Nbr 192.3.1.9 on Serial3/0 from LOADING to FULL, Loading Done

02:12:14: %OSPF-5-ADJCHG: Process 1, Nbr 192.3.2.6 on Serial2/0 from LOADING to FULL, Loading Done









Router con0 is now available






Press RETURN to get started.




ROUTER 06:
----------
System Bootstrap, Version 12.1(3r)T2, RELEASE SOFTWARE (fc1)
Copyright (c) 2000 by cisco Systems, Inc.
PT 1001 (PTSC2005) processor (revision 0x200) with 60416K/5120K bytes of memory

Readonly ROMMON initialized

Self decompressing the image :
######################### [OK]

              Restricted Rights Legend

Use, duplication, or disclosure by the Government is
subject to restrictions as set forth in subparagraph
(c) of the Commercial Computer Software - Restricted
Rights clause at FAR sec. 52.227-19 and subparagraph
(c) (1) (ii) of the Rights in Technical Data and Computer
Software clause at DFARS sec. 252.227-7013.

           cisco Systems, Inc.
           170 West Tasman Drive
           San Jose, California 95134-1706



Cisco Internetwork Operating System Software
IOS (tm) PT1000 Software (PT1000-I-M), Version 12.2(28), RELEASE SOFTWARE (fc5)
Technical Support: http://www.cisco.com/techsupport
Copyright (c) 1986-2005 by cisco Systems, Inc.
Compiled Wed 27-Apr-04 19:01 by miwang

PT 1001 (PTSC2005) processor (revision 0x200) with 60416K/5120K bytes of memory
.
Processor board ID PT0123 (0123)
PT2005 processor: part number 0, mask 01
Bridging software.
X.25 software, Version 3.0.0.
4 FastEthernet/IEEE 802.3 interface(s)
2 Low-speed serial(sync/async) network interface(s)
32K bytes of non-volatile configuration memory.
63488K bytes of ATA CompactFlash (Read/Write)

Press RETURN to get started!



Router>enable
Router#configure terminal
Enter configuration commands, one per line.  End with CNTL/Z.
Router(config)#interface Serial3/0
Router(config-if)#ip address 192.3.1.6 255.255.255.0
Router(config-if)#ip address 192.3.1.6 255.255.255.252
Router(config-if)#no shutdown

Router(config-if)#
%LINK-5-CHANGED: Interface Serial3/0, changed state to up

Router(config-if)#exit
Router(config)#interface Serial2/0
Router(config-if)#
%LINEPROTO-5-UPDOWN: Line protocol on Interface Serial3/0, changed state to up
ip address 192.3.1.9 255.255.255.252
Router(config-if)#no shutdown

%LINK-5-CHANGED: Interface Serial2/0, changed state to down
Router(config-if)#
%LINK-5-CHANGED: Interface Serial2/0, changed state to up

%LINEPROTO-5-UPDOWN: Line protocol on Interface Serial2/0, changed state to up









Router con0 is now available






Press RETURN to get started.













Router>enable
Router#configure terminal
Enter configuration commands, one per line.  End with CNTL/Z.
Router(config)#router rip
Router(config-router)#router ospf 1
Router(config-router)#192.3.1.4 0.0.0.3 area 1
                      ^
% Invalid input detected at '^' marker.
	
Router(config-router)#network 192.3.1.4 0.0.0.3 area 1
Router(config-router)#
02:05:14: %OSPF-5-ADJCHG: Process 1, Nbr 192.3.1.5 on Serial3/0 from LOADING to FULL, Loading Done

Router(config-router)#network 192.3.1.8 0.0.0.3 area 1
Router(config-router)#^Z
Router#
%SYS-5-CONFIG_I: Configured from console by console

Router#copy run start
Destination filename [startup-config]? 
Building configuration...
[OK]
Router#








Router con0 is now available






Press RETURN to get started.












02:16:25: %OSPF-5-ADJCHG: Process 1, Nbr 192.3.2.10 on Serial2/0 from LOADING to FULL, Loading Done


ROUTER 4:
---------

System Bootstrap, Version 12.1(3r)T2, RELEASE SOFTWARE (fc1)
Copyright (c) 2000 by cisco Systems, Inc.
PT 1001 (PTSC2005) processor (revision 0x200) with 60416K/5120K bytes of memory

Readonly ROMMON initialized

Self decompressing the image :
######################### [OK]

              Restricted Rights Legend

Use, duplication, or disclosure by the Government is
subject to restrictions as set forth in subparagraph
(c) of the Commercial Computer Software - Restricted
Rights clause at FAR sec. 52.227-19 and subparagraph
(c) (1) (ii) of the Rights in Technical Data and Computer
Software clause at DFARS sec. 252.227-7013.

           cisco Systems, Inc.
           170 West Tasman Drive
           San Jose, California 95134-1706



Cisco Internetwork Operating System Software
IOS (tm) PT1000 Software (PT1000-I-M), Version 12.2(28), RELEASE SOFTWARE (fc5)
Technical Support: http://www.cisco.com/techsupport
Copyright (c) 1986-2005 by cisco Systems, Inc.
Compiled Wed 27-Apr-04 19:01 by miwang

PT 1001 (PTSC2005) processor (revision 0x200) with 60416K/5120K bytes of memory
.
Processor board ID PT0123 (0123)
PT2005 processor: part number 0, mask 01
Bridging software.
X.25 software, Version 3.0.0.
4 FastEthernet/IEEE 802.3 interface(s)
2 Low-speed serial(sync/async) network interface(s)
32K bytes of non-volatile configuration memory.
63488K bytes of ATA CompactFlash (Read/Write)

Press RETURN to get started!



Router>enable
Router#configure terminal
Enter configuration commands, one per line.  End with CNTL/Z.
Router(config)#interface Serial2/0
Router(config-if)#
Router(config-if)#exit
Router(config)#interface Serial2/0
Router(config-if)#ip address 192.3.2.5 255.255.255.0
Router(config-if)#ip address 192.3.2.5 255.255.255.252
Router(config-if)#no shutdown

%LINK-5-CHANGED: Interface Serial2/0, changed state to down
Router(config-if)#
Router(config-if)#exit
Router(config)#interface Serial2/0
Router(config-if)#
Router(config-if)#exit
Router(config)#interface Serial3/0
Router(config-if)#ip address 192.25.2.1 255.255.255.0
Router(config-if)#ip address 192.25.2.1 255.255.255.252
Router(config-if)#no shutdown

%LINK-5-CHANGED: Interface Serial3/0, changed state to down
Router(config-if)#
%LINK-5-CHANGED: Interface Serial3/0, changed state to up

%LINEPROTO-5-UPDOWN: Line protocol on Interface Serial3/0, changed state to up









Router con0 is now available






Press RETURN to get started.












%LINK-5-CHANGED: Interface Serial2/0, changed state to up

%LINEPROTO-5-UPDOWN: Line protocol on Interface Serial2/0, changed state to up


Router>enable
Router#configure terminal
Enter configuration commands, one per line.  End with CNTL/Z.
Router(config)#router rip
Router(config-router)#router ospf 1
Router(config-router)#network 192.3.2.4 0.0.0.3 area 2
Router(config-router)#network 192.3.2.4 0.0.0.3 area 2
Router(config-router)#exit
Router(config)#interface Serial3/0
Router(config-if)#ip address 192.3.2.1 255.255.255.252
Router(config-if)#network 192.3.2.0 0.0.0.3 area 2
                   ^
% Invalid input detected at '^' marker.
	
Router(config-if)#^Z
Router#
%SYS-5-CONFIG_I: Configured from console by console

Router#copy run start
Destination filename [startup-config]? 
Building configuration...
[OK]
Router#
Router#configure terminal
Enter configuration commands, one per line.  End with CNTL/Z.
Router(config)#interface Serial3/0
Router(config-if)#
Router(config-if)#exit
Router(config)#router rip
Router(config-router)#router ospf 1
Router(config-router)#network 192.3.2.4 0.0.0.3 area 2
Router(config-router)#network 192.3.2.0 0.0.0.3 area 2
Router(config-router)#^Z
Router#
%SYS-5-CONFIG_I: Configured from console by console

Router#copy run start
Destination filename [startup-config]? 
Building configuration...
[OK]
Router#
02:10:47: %OSPF-5-ADJCHG: Process 1, Nbr 192.3.2.9 on Serial3/0 from LOADING to FULL, Loading Done

02:13:10: %OSPF-5-ADJCHG: Process 1, Nbr 192.3.2.6 on Serial2/0 from LOADING to FULL, Loading Done









Router con0 is now available






Press RETURN to get started.





ROUTER 5:
---------

System Bootstrap, Version 12.1(3r)T2, RELEASE SOFTWARE (fc1)
Copyright (c) 2000 by cisco Systems, Inc.
PT 1001 (PTSC2005) processor (revision 0x200) with 60416K/5120K bytes of memory

Readonly ROMMON initialized

Self decompressing the image :
######################### [OK]

              Restricted Rights Legend

Use, duplication, or disclosure by the Government is
subject to restrictions as set forth in subparagraph
(c) of the Commercial Computer Software - Restricted
Rights clause at FAR sec. 52.227-19 and subparagraph
(c) (1) (ii) of the Rights in Technical Data and Computer
Software clause at DFARS sec. 252.227-7013.

           cisco Systems, Inc.
           170 West Tasman Drive
           San Jose, California 95134-1706



Cisco Internetwork Operating System Software
IOS (tm) PT1000 Software (PT1000-I-M), Version 12.2(28), RELEASE SOFTWARE (fc5)
Technical Support: http://www.cisco.com/techsupport
Copyright (c) 1986-2005 by cisco Systems, Inc.
Compiled Wed 27-Apr-04 19:01 by miwang

PT 1001 (PTSC2005) processor (revision 0x200) with 60416K/5120K bytes of memory
.
Processor board ID PT0123 (0123)
PT2005 processor: part number 0, mask 01
Bridging software.
X.25 software, Version 3.0.0.
4 FastEthernet/IEEE 802.3 interface(s)
2 Low-speed serial(sync/async) network interface(s)
32K bytes of non-volatile configuration memory.
63488K bytes of ATA CompactFlash (Read/Write)

Press RETURN to get started!



Router>enable
Router#configure terminal
Enter configuration commands, one per line.  End with CNTL/Z.
Router(config)#interface Serial2/0
Router(config-if)#ip address 192.25.2.2 255.255.255.0
Router(config-if)#ip address 192.25.2.2 255.255.255.252
Router(config-if)#no shutdown

Router(config-if)#
%LINK-5-CHANGED: Interface Serial2/0, changed state to up

%LINEPROTO-5-UPDOWN: Line protocol on Interface Serial2/0, changed state to up

Router(config-if)#exit
Router(config)#interface Serial3/0
Router(config-if)#
Router(config-if)#exit
Router(config)#interface Serial2/0
Router(config-if)#
Router(config-if)#exit
Router(config)#interface Serial3/0
Router(config-if)#ip address 192.3.2.9 255.255.255.0
Router(config-if)#ip address 192.3.2.9 255.255.255.252
Router(config-if)#no shutdown

%LINK-5-CHANGED: Interface Serial3/0, changed state to down
Router(config-if)#








Router con0 is now available






Press RETURN to get started.












%LINK-5-CHANGED: Interface Serial3/0, changed state to up

%LINEPROTO-5-UPDOWN: Line protocol on Interface Serial3/0, changed state to up


Router>enable
Router#configure terminal
Enter configuration commands, one per line.  End with CNTL/Z.
Router(config)#interface Serial2/0
Router(config-if)#ip address 192.3.2.2 255.255.255.252
Router(config-if)#^Z
Router#
%SYS-5-CONFIG_I: Configured from console by console

Router#copy run start
Destination filename [startup-config]? 
Building configuration...
[OK]
Router#
Router#configure terminal
Enter configuration commands, one per line.  End with CNTL/Z.
Router(config)#interface Serial2/0
Router(config-if)#
Router(config-if)#exit
Router(config)#router rip
Router(config-router)#router ospf 1
Router(config-router)#network 192.3.2.0 0.0.0.3 area 2
Router(config-router)#network 192.3.2.8 0.0.0.3 area 2
Router(config-router)#
02:10:47: %OSPF-5-ADJCHG: Process 1, Nbr 192.25.2.1 on Serial2/0 from LOADING to FULL, Loading Done

Router(config-router)#^Z
Router#
%SYS-5-CONFIG_I: Configured from console by console

Router#copy run start
Destination filename [startup-config]? 
Building configuration...
[OK]
Router#
02:17:26: %OSPF-5-ADJCHG: Process 1, Nbr 192.3.2.10 on Serial3/0 from LOADING to FULL, Loading Done









Router con0 is now available






Press RETURN to get started.



















